{
    "samplesheet": {
        "content": [
            "samplesheet.valid.csv:md5,3d40bf3d424290cec0dbe9ee95b7dd12"
        ],
        "timestamp": "2023-05-09T20:59:24+0000"
    },
    "software_versions": {
        "content": [
            "software_versions.yml:md5,15b6d312f59e3995e5a6ba948f69860b"
        ],
        "timestamp": "2023-05-09T20:59:25+0000"
    },
    "star_salmon": {
        "content": [
            "salmon_tx2gene.tsv:md5,b367acfc4b7df7fb68fb1b1d2956e27e"
        ],
        "timestamp": "2023-05-09T20:59:24+0000"
    },
    "salmon": {
        "content": [
            "salmon_tx2gene.tsv:md5,b367acfc4b7df7fb68fb1b1d2956e27e"
        ],
        "timestamp": "2023-05-09T20:59:24+0000"
    },
    "multiqc": {
        "content": [
            "junction_saturation_known.txt:md5,7fb002deec1752d8e2065b693624191c",
            "junction_saturation_novel.txt:md5,7fb002deec1752d8e2065b693624191c",
            "multiqc_fail_strand_check_table.txt:md5,383f385cae4c85335c65bfbc77d69556",
            "multiqc_fastqc.txt:md5,68bdc9b37911a79484e0333e82679fa3"
        ],
        "timestamp": "2023-05-09T20:59:24+0000"
    },
    "star_salmon/deseq2_qc/": {
        "content": [
            "R_sessionInfo.log:md5,fb0da0d7ad6994ed66a8e68348b19676"
        ],
        "timestamp": "2023-05-09T20:59:24+0000"
    }
}